WARNING: A restricted method in java.lang.System has been called
WARNING: java.lang.System::load has been called by net.rubygrapefruit.platform.internal.NativeLibraryLoader in an unnamed module (file:/C:/Users/Lance/.gradle/wrapper/dists/gradle-9.3.1-all/9ot9r568e8zfvvd4mn8rbu1j0/gradle-9.3.1/lib/native-platform-0.22-milestone-29.jar)
WARNING: Use --enable-native-access=ALL-UNNAMED to avoid a warning for callers in this module
WARNING: Restricted methods will be blocked in a future release unless native access is enabled

> Task :gradle:checkKotlinGradlePluginConfigurationErrors SKIPPED
> Task :gradle:compileKotlin UP-TO-DATE
> Task :gradle:compileJava NO-SOURCE
> Task :gradle:compileGroovy NO-SOURCE
> Task :gradle:pluginDescriptors UP-TO-DATE
> Task :gradle:processResources UP-TO-DATE
> Task :gradle:classes UP-TO-DATE
> Task :gradle:jar UP-TO-DATE

> Configure project :app
WARNING: The option setting 'android.builtInKotlin=false' is deprecated.
The current default is 'true'.
It will be removed in version 10.0 of the Android Gradle plugin.
WARNING: The option setting 'android.newDsl=false' is deprecated.
The current default is 'true'.
It will be removed in version 10.0 of the Android Gradle plugin.
w: Deprecated 'org.jetbrains.kotlin.android' plugin usage
The 'org.jetbrains.kotlin.android' plugin in project ':app' is no longer required for Kotlin support since AGP 9.0.
Solution: Remove both `android.builtInKotlin=true` and `android.newDsl=false` from `gradle.properties`, then migrate to built-in Kotlin.
See https://kotl.in/gradle/agp-built-in-kotlin for more details.


> Configure project :shared_preferences_android
w: Deprecated 'org.jetbrains.kotlin.android' plugin usage
The 'org.jetbrains.kotlin.android' plugin in project ':shared_preferences_android' is no longer required for Kotlin support since AGP 9.0.
Solution: Remove both `android.builtInKotlin=true` and `android.newDsl=false` from `gradle.properties`, then migrate to built-in Kotlin.
See https://kotl.in/gradle/agp-built-in-kotlin for more details.


> Configure project :sqflite_android
w: Deprecated 'org.jetbrains.kotlin.android' plugin usage
The 'org.jetbrains.kotlin.android' plugin in project ':sqflite_android' is no longer required for Kotlin support since AGP 9.0.
Solution: Remove both `android.builtInKotlin=true` and `android.newDsl=false` from `gradle.properties`, then migrate to built-in Kotlin.
See https://kotl.in/gradle/agp-built-in-kotlin for more details.


> Task :app:checkKotlinGradlePluginConfigurationErrors SKIPPED
> Task :app:cleanMergeDebugAssets
> Task :app:compileFlutterBuildDebug
> Task :app:generateDebugAssets UP-TO-DATE
> Task :app:validateCompileSdkVersion
> Task :app:preBuild
> Task :app:preDebugBuild
> Task :shared_preferences_android:generateDebugAssets UP-TO-DATE
> Task :shared_preferences_android:preBuild UP-TO-DATE
> Task :shared_preferences_android:preDebugBuild UP-TO-DATE
> Task :shared_preferences_android:mergeDebugAssets UP-TO-DATE
> Task :sqflite_android:generateDebugAssets UP-TO-DATE
> Task :sqflite_android:preBuild UP-TO-DATE
> Task :sqflite_android:preDebugBuild UP-TO-DATE
> Task :sqflite_android:mergeDebugAssets UP-TO-DATE
> Task :app:mergeDebugAssets
> Task :app:copyFlutterAssetsDebug
> Task :app:generateDebugResources UP-TO-DATE
> Task :app:packageDebugResources UP-TO-DATE
> Task :shared_preferences_android:processDebugNavigationResources UP-TO-DATE
> Task :sqflite_android:processDebugNavigationResources UP-TO-DATE
> Task :app:processDebugNavigationResources UP-TO-DATE
> Task :app:parseDebugLocalResources UP-TO-DATE
> Task :app:generateDebugRFile UP-TO-DATE
> Task :shared_preferences_android:checkKotlinGradlePluginConfigurationErrors SKIPPED
> Task :shared_preferences_android:generateDebugResources UP-TO-DATE
> Task :shared_preferences_android:packageDebugResources UP-TO-DATE
> Task :shared_preferences_android:parseDebugLocalResources UP-TO-DATE
> Task :shared_preferences_android:generateDebugRFile UP-TO-DATE
> Task :shared_preferences_android:compileDebugKotlin UP-TO-DATE
> Task :shared_preferences_android:javaPreCompileDebug UP-TO-DATE
> Task :shared_preferences_android:compileDebugJavaWithJavac NO-SOURCE
> Task :shared_preferences_android:bundleLibCompileToJarDebug UP-TO-DATE
> Task :sqflite_android:checkKotlinGradlePluginConfigurationErrors SKIPPED
> Task :sqflite_android:generateDebugResources UP-TO-DATE
> Task :sqflite_android:packageDebugResources UP-TO-DATE
> Task :sqflite_android:parseDebugLocalResources UP-TO-DATE
> Task :sqflite_android:generateDebugRFile UP-TO-DATE
> Task :sqflite_android:compileDebugKotlin NO-SOURCE
> Task :sqflite_android:javaPreCompileDebug UP-TO-DATE
> Task :sqflite_android:compileDebugJavaWithJavac UP-TO-DATE
> Task :sqflite_android:bundleLibCompileToJarDebug UP-TO-DATE
> Task :app:compileDebugKotlin UP-TO-DATE
> Task :app:javaPreCompileDebug UP-TO-DATE
> Task :app:compileDebugJavaWithJavac UP-TO-DATE
> Task :shared_preferences_android:writeDebugAarMetadata UP-TO-DATE
> Task :sqflite_android:writeDebugAarMetadata UP-TO-DATE
> Task :app:checkDebugAarMetadata UP-TO-DATE
> Task :app:mapDebugSourceSetPaths UP-TO-DATE
> Task :app:compileDebugNavigationResources UP-TO-DATE
> Task :app:mergeDebugResources UP-TO-DATE
> Task :app:createDebugCompatibleScreenManifests UP-TO-DATE
> Task :app:extractDeepLinksDebug UP-TO-DATE
> Task :shared_preferences_android:extractDeepLinksDebug UP-TO-DATE
> Task :shared_preferences_android:processDebugManifest UP-TO-DATE
> Task :sqflite_android:extractDeepLinksDebug UP-TO-DATE
> Task :sqflite_android:processDebugManifest UP-TO-DATE
> Task :app:processDebugMainManifest UP-TO-DATE
> Task :app:outputDebugAppLinkSettings UP-TO-DATE
> Task :app:processDebugManifest UP-TO-DATE
> Task :app:processDebugManifestForPackage UP-TO-DATE
> Task :shared_preferences_android:mapDebugSourceSetPaths UP-TO-DATE
> Task :shared_preferences_android:compileDebugLibraryResources UP-TO-DATE
> Task :sqflite_android:mapDebugSourceSetPaths UP-TO-DATE
> Task :sqflite_android:compileDebugLibraryResources UP-TO-DATE
> Task :app:processDebugResources UP-TO-DATE
> Task :app:preDebugUnitTestBuild
> Task :app:javaPreCompileDebugUnitTest UP-TO-DATE
> Task :app:processDebugJavaRes UP-TO-DATE
> Task :shared_preferences_android:bundleLibRuntimeToJarDebug UP-TO-DATE
> Task :shared_preferences_android:processDebugJavaRes UP-TO-DATE
> Task :sqflite_android:bundleLibRuntimeToJarDebug UP-TO-DATE
> Task :sqflite_android:processDebugJavaRes NO-SOURCE
> Task :app:preDebugAndroidTestBuild SKIPPED
> Task :app:generateDebugAndroidTestResources UP-TO-DATE
> Task :app:packageDebugAndroidTestResources UP-TO-DATE
> Task :app:processDebugAndroidTestNavigationResources UP-TO-DATE
> Task :app:parseDebugAndroidTestLocalResources UP-TO-DATE
> Task :app:generateDebugAndroidTestRFile UP-TO-DATE
> Task :app:javaPreCompileDebugAndroidTest UP-TO-DATE
> Task :app:generateDebugAndroidTestAssets UP-TO-DATE
> Task :app:bundleDebugClassesToRuntimeJar
> Task :app:bundleDebugClassesToCompileJar
> Task :app:mergeDebugAndroidTestAssets UP-TO-DATE
> Task :app:compileDebugUnitTestKotlin UP-TO-DATE
> Task :app:compileDebugUnitTestJavaWithJavac NO-SOURCE
> Task :app:processDebugUnitTestJavaRes UP-TO-DATE
> Task :app:testDebugUnitTest
> Task :app:compileDebugAndroidTestKotlin UP-TO-DATE
> Task :app:compileDebugAndroidTestJavaWithJavac NO-SOURCE
> Task :app:compressDebugAndroidTestAssets UP-TO-DATE
> Task :app:desugarDebugAndroidTestFileDependencies UP-TO-DATE
> Task :app:checkDebugAndroidTestAarMetadata UP-TO-DATE
> Task :app:mapDebugAndroidTestSourceSetPaths UP-TO-DATE
> Task :app:compileDebugAndroidTestNavigationResources UP-TO-DATE
> Task :app:mergeDebugAndroidTestResources UP-TO-DATE
> Task :app:processDebugAndroidTestManifest UP-TO-DATE
> Task :app:processDebugAndroidTestResources UP-TO-DATE
> Task :app:dexBuilderDebugAndroidTest UP-TO-DATE
> Task :app:mergeDebugAndroidTestGlobalSynthetics UP-TO-DATE
> Task :app:processDebugAndroidTestJavaRes UP-TO-DATE
> Task :app:mergeDebugAndroidTestJavaResource UP-TO-DATE
> Task :app:checkDebugAndroidTestDuplicateClasses UP-TO-DATE
> Task :app:mergeExtDexDebugAndroidTest UP-TO-DATE
> Task :shared_preferences_android:bundleLibRuntimeToDirDebug UP-TO-DATE
> Task :sqflite_android:bundleLibRuntimeToDirDebug UP-TO-DATE
> Task :app:mergeProjectDexDebugAndroidTest UP-TO-DATE
> Task :app:mergeLibDexDebugAndroidTest UP-TO-DATE
> Task :app:mergeDebugAndroidTestJniLibFolders UP-TO-DATE
> Task :app:configureCMakeDebug[arm64-v8a]
> Task :app:buildCMakeDebug[arm64-v8a]
> Task :app:configureCMakeDebug[armeabi-v7a]
> Task :app:buildCMakeDebug[armeabi-v7a]
> Task :app:configureCMakeDebug[x86_64]
> Task :app:buildCMakeDebug[x86_64]
> Task :app:copyJniLibsflutterBuildDebug
> Task :app:mergeDebugJniLibFolders UP-TO-DATE
> Task :shared_preferences_android:mergeDebugJniLibFolders UP-TO-DATE
> Task :shared_preferences_android:mergeDebugNativeLibs NO-SOURCE
> Task :shared_preferences_android:copyDebugJniLibsProjectOnly UP-TO-DATE
> Task :sqflite_android:mergeDebugJniLibFolders UP-TO-DATE
> Task :sqflite_android:mergeDebugNativeLibs NO-SOURCE
> Task :sqflite_android:copyDebugJniLibsProjectOnly UP-TO-DATE
> Task :app:mergeDebugNativeLibs UP-TO-DATE
> Task :app:mergeDebugAndroidTestNativeLibs NO-SOURCE
> Task :app:stripDebugAndroidTestDebugSymbols NO-SOURCE
> Task :app:validateSigningDebugAndroidTest UP-TO-DATE
> Task :app:writeDebugAndroidTestSigningConfigVersions UP-TO-DATE
> Task :app:packageDebugAndroidTest UP-TO-DATE
> Task :app:createDebugAndroidTestApkListingFileRedirect UP-TO-DATE
> Task :app:assembleDebugAndroidTest UP-TO-DATE

[Incubating] Problems report is available at: file:///D:/000_MyLibrary/100_code/110_Project/5_SetTrace/build/reports/problems/problems-report.html

Deprecated Gradle features were used in this build, making it incompatible with Gradle 10.

You can use '--warning-mode all' to show the individual deprecation warnings and determine if they come from your own scripts or plugins.

For more on this, please refer to https://docs.gradle.org/9.3.1/userguide/command_line_interface.html#sec:command_line_warnings in the Gradle documentation.

BUILD SUCCESSFUL in 8s
110 actionable tasks: 15 executed, 95 up-to-date
